[20:29:02] This is prokka 1.14.6
[20:29:02] Written by Torsten Seemann <torsten.seemann@gmail.com>
[20:29:02] Homepage is https://github.com/tseemann/prokka
[20:29:02] Local time is Sat Jun 13 20:29:02 2026
[20:29:02] You are ametrano
[20:29:02] Operating system is linux
[20:29:02] You have BioPerl 1.7.8
[20:29:02] System has 576 cores.
[20:29:02] Will use maximum of 8 cores.
[20:29:02] Annotating as >>> Bacteria <<<
[20:29:02] Generating locus_tag from './data/GCF_000009725.1_ASM972v1_genomic.fna' contents.
[20:29:02] Setting --locustag KHHDGJBG from MD5 411d03b041c878663322dc368306e5f4
[20:29:02] Creating new output folder: results/Synechocystis_GCF_000009725.1
[20:29:02] Running: mkdir -p results\/Synechocystis_GCF_000009725\.1
[20:29:02] Using filename prefix: Synechocystis.XXX
[20:29:02] Setting HMMER_NCPU=1
[20:29:02] Writing log to: results/Synechocystis_GCF_000009725.1/Synechocystis.log
[20:29:02] Command: /usr/local/bin/prokka --outdir results/Synechocystis_GCF_000009725.1 --prefix Synechocystis --cpu 8 ./data/GCF_000009725.1_ASM972v1_genomic.fna
[20:29:02] Appending to PATH: /usr/local/bin
[20:29:02] Looking for 'aragorn' - found /usr/local/bin/aragorn
[20:29:02] Determined aragorn version is 001002 from 'ARAGORN v1.2.41 Dean Laslett'
[20:29:02] Looking for 'barrnap' - found /usr/local/bin/barrnap
[20:29:02] Determined barrnap version is 000009 from 'barrnap 0.9'
[20:29:02] Looking for 'blastp' - found /usr/local/bin/blastp
[20:29:03] Determined blastp version is 002014 from 'blastp: 2.14.1+'
[20:29:03] Looking for 'cmpress' - found /usr/local/bin/cmpress
[20:29:03] Determined cmpress version is 001001 from '# INFERNAL 1.1.4 (Dec 2020)'
[20:29:03] Looking for 'cmscan' - found /usr/local/bin/cmscan
[20:29:03] Determined cmscan version is 001001 from '# INFERNAL 1.1.4 (Dec 2020)'
[20:29:03] Looking for 'egrep' - found /bin/egrep
[20:29:03] Looking for 'find' - found /usr/bin/find
[20:29:03] Looking for 'grep' - found /bin/grep
[20:29:03] Looking for 'hmmpress' - found /usr/local/bin/hmmpress
[20:29:03] Determined hmmpress version is 003003 from '# HMMER 3.3.2 (Nov 2020); http://hmmer.org/'
[20:29:03] Looking for 'hmmscan' - found /usr/local/bin/hmmscan
[20:29:03] Determined hmmscan version is 003003 from '# HMMER 3.3.2 (Nov 2020); http://hmmer.org/'
[20:29:03] Looking for 'java' - found /usr/local/bin/java
[20:29:03] Looking for 'makeblastdb' - found /usr/local/bin/makeblastdb
[20:29:03] Determined makeblastdb version is 002014 from 'makeblastdb: 2.14.1+'
[20:29:03] Looking for 'minced' - found /usr/local/bin/minced
[20:29:04] Determined minced version is 004002 from 'minced 0.4.2'
[20:29:04] Looking for 'parallel' - found /usr/local/bin/parallel
[20:29:04] Determined parallel version is 20230722 from 'GNU parallel 20230722'
[20:29:04] Looking for 'prodigal' - found /usr/local/bin/prodigal
[20:29:04] Determined prodigal version is 002006 from 'Prodigal V2.6.3: February, 2016'
[20:29:04] Looking for 'prokka-genbank_to_fasta_db' - found /usr/local/bin/prokka-genbank_to_fasta_db
[20:29:04] Looking for 'sed' - found /bin/sed
[20:29:04] Looking for 'tbl2asn' - found /usr/local/bin/tbl2asn
[20:29:04] Determined tbl2asn version is 025007 from 'tbl2asn 25.7   arguments:'
[20:29:04] Using genetic code table 11.
[20:29:04] Loading and checking input file: ./data/GCF_000009725.1_ASM972v1_genomic.fna
[20:29:05] Wrote 5 contigs totalling 3947019 bp.
[20:29:05] Predicting tRNAs and tmRNAs
[20:29:05] Running: aragorn -l -gc11  -w results\/Synechocystis_GCF_000009725\.1\/Synechocystis\.fna
[20:29:06] 1 tRNA-Pro c[189879,189954] 36 (ggg)
[20:29:06] 2 tRNA-Ser c[259559,259644] 35 (tga)
[20:29:06] 3 tRNA-Thr [271431,271502] 33 (cgt)
[20:29:06] 4 tRNA-Pro [320582,320655] 35 (cgg)
[20:29:06] 5 tRNA-Val [345398,345470] 34 (tac)
[20:29:06] 6 tRNA-Arg [446106,446180] 35 (cct)
[20:29:06] 7 tRNA-Leu [633304,633384] 35 (tag)
[20:29:06] 8 tRNA-Arg c[645525,645599] 35 (tct)
[20:29:06] 9 tRNA-Trp c[926669,926743] 35 (cca)
[20:29:06] 10 tRNA-Leu [986297,986377] 35 (gag)
[20:29:06] 11 tRNA-Met c[1082298,1082371] 35 (cat)
[20:29:06] 12 tRNA-Leu c[1095712,1095793] 35 (caa)
[20:29:06] 13 tRNA-Asp c[1329162,1329237] 36 (gtc)
[20:29:06] 14 tRNA-Glu [1401517,1401589] 35 (ttc)
[20:29:06] 15 tRNA-Pro [1552985,1553058] 35 (tgg)
[20:29:06] 16 tRNA-Phe [1619762,1619834] 34 (gaa)
[20:29:06] 17 tRNA-Gly [1704238,1704308] 33 (tcc)
[20:29:06] 18 tRNA-Met c[1723193,1723266] 34 (cat)
[20:29:06] 19 tRNA-Arg c[1823366,1823439] 35 (acg)
[20:29:06] 20 tRNA-Ser [1832000,1832088] 36 (gga)
[20:29:06] 21 tRNA-Ser c[1835510,1835601] 36 (gct)
[20:29:06] 22 tRNA-His [2050184,2050257] 34 (gtg)
[20:29:06] 23 tRNA-Gln c[2087804,2087875] 33 (ttg)
[20:29:06] 24 tRNA-Asn [2092400,2092471] 33 (gtt)
[20:29:06] 25 tRNA-Thr c[2151437,2151508] 33 (tgt)
[20:29:06] 26 tRNA-Ala [2234978,2235050] 34 (ggc)
[20:29:06] 27 tRNA-Lys c[2264982,2265053] 33 (ttt)
[20:29:06] 28 tRNA-Ala [2407058,2407130] 34 (tgc)
[20:29:06] 29 tRNA-Ile c[2451969,2452044] 35 (gat)
[20:29:06] 30 tRNA-Gly [2490057,2490127] 33 (ccc)
[20:29:06] 31 tRNA-Ser c[2504104,2504190] 36 (cga)
[20:29:06] 32 tRNA-Ala c[2582931,2583003] 34 (cgc)
[20:29:06] 33 tRNA-Arg [2644622,2644697] 35 (ccg)
[20:29:06] 34 tRNA-Cys c[2803261,2803331] 33 (gca)
[20:29:06] 35 tRNA-Gly [2984874,2984945] 33 (gcc)
[20:29:06] 36 tRNA-Tyr [3224056,3224141] 36 (gta)
[20:29:06] 37 tRNA-Thr [3224147,3224218] 33 (ggt)
[20:29:06] 38 tRNA-Leu c[3292003,3292090] 35 (taa)
[20:29:06] 39 tmRNA c[3316762,3317157] 100,144 ANNIVSFKRVAIAA*
[20:29:06] 40 tRNA-Ile [3326684,3326759] 35 (gat)
[20:29:06] 41 tRNA-Leu c[3333014,3333097] 35 (cag)
[20:29:06] 42 tRNA-Val c[3367292,3367365] 35 (gac)
[20:29:06] Found 42 tRNAs
[20:29:06] Predicting Ribosomal RNAs
[20:29:06] Running Barrnap with 8 threads
[20:29:06] 1 NC_000911.1 2448838 23S ribosomal RNA
[20:29:06] 2 NC_000911.1 2452187 16S ribosomal RNA
[20:29:06] 3 NC_000911.1 3325056 16S ribosomal RNA
[20:29:06] 4 NC_000911.1 3327009 23S ribosomal RNA
[20:29:06] Found 4 rRNAs
[20:29:06] Skipping ncRNA search, enable with --rfam if desired.
[20:29:06] Total of 45 tRNA + rRNA features
[20:29:06] Searching for CRISPR repeats
[20:29:07] CRISPR1 NC_005230.1 16310 with 50 spacers
[20:29:07] CRISPR2 NC_005230.1 68499 with 57 spacers
[20:29:07] CRISPR3 NC_005230.1 90105 with 39 spacers
[20:29:07] Found 3 CRISPRs
[20:29:07] Predicting coding sequences
[20:29:07] Contigs total 3947019 bp, so using single mode
[20:29:07] Running: prodigal -i results\/Synechocystis_GCF_000009725\.1\/Synechocystis\.fna -c -m -g 11 -p single -f sco -q
[20:29:10] Excluding CDS which overlaps existing RNA (tRNA) at NC_000911.1:986231..986332 on + strand
[20:29:10] Excluding CDS which overlaps existing RNA (tRNA) at NC_000911.1:1095772..1096647 on - strand
[20:29:11] Excluding CDS which overlaps existing RNA (tRNA) at NC_000911.1:1552895..1553311 on + strand
[20:29:11] Excluding CDS which overlaps existing RNA (tRNA) at NC_000911.1:2234894..2235010 on - strand
[20:29:11] Excluding CDS which overlaps existing RNA (rRNA) at NC_000911.1:2449125..2449301 on + strand
[20:29:11] Excluding CDS which overlaps existing RNA (tRNA) at NC_000911.1:3224033..3224167 on + strand
[20:29:11] Excluding CDS which overlaps existing RNA (rRNA) at NC_000911.1:3329427..3329603 on - strand
[20:29:11] Found 3703 CDS
[20:29:11] Connecting features back to sequences
[20:29:11] Not using genus-specific database. Try --usegenus to enable it.
[20:29:11] Annotating CDS, please be patient.
[20:29:11] Will use 8 CPUs for similarity searching.
[20:29:12] There are still 3703 unannotated CDS left (started with 3703)
[20:29:12] Will use blast to search against /usr/local/db/kingdom/Bacteria/IS with 8 CPUs
[20:29:12] Running: cat results\/Synechocystis_GCF_000009725\.1\/Synechocystis\.IS\.tmp\.1046745\.faa | parallel --gnu --plain -j 8 --block 72666 --recstart '>' --pipe blastp -query - -db /usr/local/db/kingdom/Bacteria/IS -evalue 1e-30 -qcov_hsp_perc 90 -num_threads 1 -num_descriptions 1 -num_alignments 1 -seg no > results\/Synechocystis_GCF_000009725\.1\/Synechocystis\.IS\.tmp\.1046745\.blast 2> /dev/null
[20:29:19] Deleting unwanted file: results/Synechocystis_GCF_000009725.1/Synechocystis.IS.tmp.1046745.faa
[20:29:19] Deleting unwanted file: results/Synechocystis_GCF_000009725.1/Synechocystis.IS.tmp.1046745.blast
[20:29:20] There are still 3627 unannotated CDS left (started with 3703)
[20:29:20] Will use blast to search against /usr/local/db/kingdom/Bacteria/AMR with 8 CPUs
[20:29:20] Running: cat results\/Synechocystis_GCF_000009725\.1\/Synechocystis\.AMR\.tmp\.1046745\.faa | parallel --gnu --plain -j 8 --block 71628 --recstart '>' --pipe blastp -query - -db /usr/local/db/kingdom/Bacteria/AMR -evalue 1e-300 -qcov_hsp_perc 90 -num_threads 1 -num_descriptions 1 -num_alignments 1 -seg no > results\/Synechocystis_GCF_000009725\.1\/Synechocystis\.AMR\.tmp\.1046745\.blast 2> /dev/null
[20:29:24] Deleting unwanted file: results/Synechocystis_GCF_000009725.1/Synechocystis.AMR.tmp.1046745.faa
[20:29:24] Deleting unwanted file: results/Synechocystis_GCF_000009725.1/Synechocystis.AMR.tmp.1046745.blast
[20:29:25] There are still 3627 unannotated CDS left (started with 3703)
[20:29:25] Will use blast to search against /usr/local/db/kingdom/Bacteria/sprot with 8 CPUs
[20:29:25] Running: cat results\/Synechocystis_GCF_000009725\.1\/Synechocystis\.sprot\.tmp\.1046745\.faa | parallel --gnu --plain -j 8 --block 71628 --recstart '>' --pipe blastp -query - -db /usr/local/db/kingdom/Bacteria/sprot -evalue 1e-09 -qcov_hsp_perc 80 -num_threads 1 -num_descriptions 1 -num_alignments 1 -seg no > results\/Synechocystis_GCF_000009725\.1\/Synechocystis\.sprot\.tmp\.1046745\.blast 2> /dev/null
[20:29:51] Modify product: Uncharacterized N-acetyltransferase YafP => putative N-acetyltransferase YafP
[20:29:51] Modify product: Probable adenylyl-sulfate kinase => putative adenylyl-sulfate kinase
[20:29:51] Modify product: Probable undecaprenyl-phosphate N-acetylglucosaminyl 1-phosphate transferase => putative undecaprenyl-phosphate N-acetylglucosaminyl 1-phosphate transferase
[20:29:51] Modify product: Uncharacterized protein Rv1708 => putative protein
[20:29:51] Modify product: UPF0053 protein Rv2366c => hypothetical protein
[20:29:51] Modify product: Monocarboxylate 2-oxoacid-binding periplasmic protein all3028 => Monocarboxylate 2-oxoacid-binding periplasmic protein
[20:29:51] Modify product: Uncharacterized PIN and TRAM-domain containing protein YacL => putative PIN and TRAM-domain containing protein YacL
[20:29:51] Modify product: Universal stress protein A homolog 2 => Universal stress protein A 
[20:29:51] Modify product: Probable peptidoglycan glycosyltransferase FtsW => putative peptidoglycan glycosyltransferase FtsW
[20:29:51] Modify product: Putative transport protein Rv0205 => Putative transport protein
[20:29:51] Modify product: Probable murein peptide carboxypeptidase => putative murein peptide carboxypeptidase
[20:29:51] Modify product: Probable protein kinase UbiB => putative protein kinase UbiB
[20:29:51] Modify product: Probable ferredoxin/ferredoxin--NADP reductase => putative ferredoxin/ferredoxin--NADP reductase
[20:29:51] Modify product: Uncharacterized zinc protease Rv2782c => putative zinc protease
[20:29:51] Modify product: Uncharacterized zinc protease Rv2782c => putative zinc protease
[20:29:51] Modify product: Probable ABC transporter-binding protein DR_1571 => putative ABC transporter-binding protein
[20:29:51] Modify product: Peroxiredoxin sll1621 => Peroxiredoxin
[20:29:51] Modify product: NADH dehydrogenase-like protein SAOUHSC_00878 => NADH dehydrogenase-like protein
[20:29:51] Modify product: Uncharacterized ABC transporter ATP-binding protein YheS => putative ABC transporter ATP-binding protein YheS
[20:29:51] Modify product: Probable cation-transporting ATPase F => putative cation-transporting ATPase F
[20:29:51] Modify product: Probable 2-phosphosulfolactate phosphatase => putative 2-phosphosulfolactate phosphatase
[20:29:51] Modify product: Uncharacterized oxidoreductase MSMEG_1603/MSMEI_1564 => putative oxidoreductase/MSMEI_1564
[20:29:51] Modify product: Putative trans-acting enoyl reductase Rv2449c => Putative trans-acting enoyl reductase
[20:29:51] Modify product: Probable cyclic di-GMP phosphodiesterase VC_1348 => putative cyclic di-GMP phosphodiesterase
[20:29:51] Modify product: Uncharacterized protein Rv0502 => putative protein
[20:29:51] Modify product: Uncharacterized oxidoreductase Rv2298 => putative oxidoreductase
[20:29:51] Modify product: Membrane-associated protein slr1513 => Membrane-associated protein
[20:29:51] Modify product: Uncharacterized protein Rv2569c => putative protein
[20:29:51] Modify product: Uncharacterized zinc protease Rv2782c => putative zinc protease
[20:29:51] Modify product: Uncharacterized sugar epimerase YhfK => putative sugar epimerase YhfK
[20:29:51] Modify product: Probable siderophore transport system permease protein YfiZ => putative siderophore transport system permease protein YfiZ
[20:29:51] Modify product: Probable siderophore transport system permease protein YfhA => putative siderophore transport system permease protein YfhA
[20:29:51] Modify product: Probable siderophore transport system ATP-binding protein YusV => putative siderophore transport system ATP-binding protein YusV
[20:29:51] Modify product: Probable siderophore-binding lipoprotein YfiY => putative siderophore-binding lipoprotein YfiY
[20:29:51] Modify product: Probable siderophore-binding lipoprotein YfiY => putative siderophore-binding lipoprotein YfiY
[20:29:51] Modify product: Probable siderophore-binding lipoprotein YfiY => putative siderophore-binding lipoprotein YfiY
[20:29:51] Modify product: Probable multidrug resistance ABC transporter ATP-binding/permease protein YheI => putative multidrug resistance ABC transporter ATP-binding/permease protein YheI
[20:29:51] Modify product: Uncharacterized ABC transporter ATP-binding protein YxlF => putative ABC transporter ATP-binding protein YxlF
[20:29:51] Modify product: Putative cystathionine beta-synthase Rv1077 => Putative cystathionine beta-synthase
[20:29:51] Modify product: Phosphate-specific transport system accessory protein PhoU homolog => Phosphate-specific transport system accessory protein PhoU 
[20:29:51] Modify product: UPF0045 protein Rv1898 => hypothetical protein
[20:29:51] Modify product: Uncharacterized protein YciO => putative protein YciO
[20:29:51] Modify product: GTP-binding protein TypA/BipA homolog => GTP-binding protein TypA/BipA 
[20:29:51] Modify product: Carbon dioxide-concentrating mechanism protein CcmK homolog 1 => Carbon dioxide-concentrating mechanism protein CcmK 
[20:29:51] Modify product: Carbon dioxide-concentrating mechanism protein CcmK homolog 2 => Carbon dioxide-concentrating mechanism protein CcmK 
[20:29:51] Modify product: Probable sulfate transporter Rv1739c => putative sulfate transporter
[20:29:51] Modify product: Uncharacterized ABC transporter ATP-binding protein TM_0288 => putative ABC transporter ATP-binding protein
[20:29:51] Modify product: Probable copper-transporting ATPase PacS => putative copper-transporting ATPase PacS
[20:29:51] Modify product: Probable cytochrome c oxidase subunit 1 => putative cytochrome c oxidase subunit 1
[20:29:51] Modify product: Probable cytochrome c oxidase subunit 3 => putative cytochrome c oxidase subunit 3
[20:29:51] Modify product: Thioredoxin-like protein slr1139 => Thioredoxin-like protein
[20:29:51] Modify product: Uncharacterized ABC transporter ATP-binding protein TM_0288 => putative ABC transporter ATP-binding protein
[20:29:51] Modify product: UPF0145 protein YbjQ => hypothetical protein
[20:29:51] Modify product: Uncharacterized protein Rv2715 => putative protein
[20:29:51] Modify product: Putative multidrug export ATP-binding/permease protein SAV1866 => Putative multidrug export ATP-binding/permease protein
[20:29:51] Modify product: Carbon dioxide-concentrating mechanism protein CcmK homolog 4 => Carbon dioxide-concentrating mechanism protein CcmK 
[20:29:51] Modify product: Uncharacterized protein alr4550 => putative protein
[20:29:51] Modify product: Probable CtpA-like serine protease => putative CtpA-like serine protease
[20:29:51] Modify product: Uncharacterized protein Rv1829 => putative protein
[20:29:51] Modify product: Epimerase family protein SA0724 => Epimerase family protein
[20:29:51] Modify product: Phosphorylated carbohydrates phosphatase TM_1254 => Phosphorylated carbohydrates phosphatase
[20:29:51] Modify product: Uncharacterized protein Rv2715 => putative protein
[20:29:51] Modify product: Probable glutaredoxin ssr2061 => putative glutaredoxin
[20:29:51] Modify product: Putative multidrug export ATP-binding/permease protein SAV1866 => Putative multidrug export ATP-binding/permease protein
[20:29:51] Modify product: Uncharacterized protein alr4550 => putative protein
[20:29:51] Modify product: Rqc2 homolog RqcH => Rqc2 RqcH
[20:29:51] Modify product: Probable protein kinase UbiB => putative protein kinase UbiB
[20:29:51] Modify product: Probable serine/threonine-protein kinase PkwA => putative serine/threonine-protein kinase PkwA
[20:29:51] Modify product: Probable serine/threonine-protein kinase PkwA => putative serine/threonine-protein kinase PkwA
[20:29:51] Modify product: Uncharacterized protein SAV1875 => putative protein
[20:29:51] Modify product: Glycogen operon protein GlgX homolog => Glycogen operon protein GlgX 
[20:29:51] Modify product: Probable ribonucleotide transport ATP-binding protein mkl => putative ribonucleotide transport ATP-binding protein mkl
[20:29:51] Modify product: Uncharacterized protein YqgN => putative protein YqgN
[20:29:51] Modify product: Uncharacterized protein alr4550 => putative protein
[20:29:51] Modify product: Putative anti-sigma factor antagonist TM_1442 => Putative anti-sigma factor antagonist
[20:29:51] Modify product: Thylakoid-associated single-stranded DNA-binding protein slr1034 => Thylakoid-associated single-stranded DNA-binding protein
[20:29:51] Modify product: Probable nicotinate-nucleotide pyrophosphorylase [carboxylating] => putative nicotinate-nucleotide pyrophosphorylase [carboxylating]
[20:29:51] Modify product: Uncharacterized zinc protease Rv2782c => putative zinc protease
[20:29:51] Modify product: Aldo/keto reductase slr0942 => Aldo/keto reductase
[20:29:51] Modify product: Probable adenylyltransferase/sulfurtransferase MoeZ => putative adenylyltransferase/sulfurtransferase MoeZ
[20:29:51] Modify product: Uncharacterized protein RP789 => putative protein RP789
[20:29:51] Modify product: Probable iron export permease protein FetB => putative iron export permease protein FetB
[20:29:51] Modify product: UPF0053 inner membrane protein YtfL => hypothetical protein
[20:29:51] Modify product: Uncharacterized HTH-type transcriptional regulator Rv0081 => putative HTH-type transcriptional regulator
[20:29:51] Modify product: Probable chromate transport protein => putative chromate transport protein
[20:29:51] Modify product: Uncharacterized protein YyaP => putative protein YyaP
[20:29:51] Modify product: Probable bifunctional transcriptional activator/DNA repair enzyme AlkA => putative bifunctional transcriptional activator/DNA repair enzyme AlkA
[20:29:51] Modify product: Uncharacterized membrane protein Rv2637 => putative membrane protein
[20:29:51] Modify product: Thioredoxin-like protein slr0233 => Thioredoxin-like protein
[20:29:51] Modify product: UPF0754 membrane protein SA1664 => hypothetical protein
[20:29:51] Modify product: Uncharacterized FAD-linked oxidoreductase Rv2280 => putative FAD-linked oxidoreductase
[20:29:51] Modify product: Putative transport protein Rv0205 => Putative transport protein
[20:29:51] Modify product: Uncharacterized zinc protease Rv2782c => putative zinc protease
[20:29:51] Modify product: Probable lipid II flippase MurJ => putative lipid II flippase MurJ
[20:29:51] Modify product: Phage shock protein A homolog => Phage shock protein A 
[20:29:51] Modify product: Uncharacterized glycosyltransferase sll0501 => putative glycosyltransferase
[20:29:51] Modify product: Probable copper-transporting ATPase PacS => putative copper-transporting ATPase PacS
[20:29:51] Modify product: Probable transcriptional regulatory protein aq_1575 => putative transcriptional regulatory protein
[20:29:51] Modify product: Putative low molecular weight protein-tyrosine-phosphatase slr0328 => Putative low molecular weight protein-tyrosine-phosphatase
[20:29:51] Modify product: Uncharacterized protein Rv2411c => putative protein
[20:29:51] Modify product: Uncharacterized protein alr4550 => putative protein
[20:29:51] Modify product: UPF0758 protein YsxA => hypothetical protein
[20:29:51] Modify product: UPF0176 protein lpg2838 => hypothetical protein
[20:29:51] Modify product: Bifunctional protein FolD => Bifunctional protein FolD protein
[20:29:51] Modify product: Probable multidrug resistance ABC transporter ATP-binding/permease protein YheI => putative multidrug resistance ABC transporter ATP-binding/permease protein YheI
[20:29:51] Modify product: Uncharacterized protein HI_0933 => putative protein
[20:29:51] Modify product: Probable dual-specificity RNA methyltransferase RlmN => putative dual-specificity RNA methyltransferase RlmN
[20:29:51] Modify product: Uncharacterized oxidoreductase SA2266 => putative oxidoreductase
[20:29:51] Modify product: UPF0060 membrane protein YnfA => hypothetical protein
[20:29:51] Modify product: Transcriptional repressor SmtB homolog => Transcriptional repressor SmtB 
[20:29:51] Modify product: Uncharacterized oxidoreductase CzcO => putative oxidoreductase CzcO
[20:29:52] Modify product: Uncharacterized protein NMB0459 => putative protein
[20:29:52] Modify product: 1,4-alpha-glucan branching enzyme TTHA1902 => 1,4-alpha-glucan branching enzyme
[20:29:52] Modify product: Uncharacterized transporter Rv2685 => putative transporter
[20:29:52] Modify product: Uncharacterized protein alr4550 => putative protein
[20:29:52] Modify product: Probable helicase HelY => putative helicase HelY
[20:29:52] Modify product: Phage shock protein A homolog => Phage shock protein A 
[20:29:52] Modify product: Uncharacterized protein Rv2004c => putative protein
[20:29:52] Modify product: Probable 30S ribosomal protein PSRP-3 => putative 30S ribosomal protein PSRP-3
[20:29:52] Modify product: Vitamin K epoxide reductase homolog => Vitamin K epoxide reductase 
[20:29:52] Modify product: Uncharacterized protein YciH => putative protein YciH
[20:29:52] Modify product: Uncharacterized protein YqeN => putative protein YqeN
[20:29:52] Modify product: Uncharacterized protein Rv2927c => putative protein
[20:29:52] Modify product: Probable ATP-dependent transporter SufC => putative ATP-dependent transporter SufC
[20:29:52] Modify product: Probable cysteine desulfurase => putative cysteine desulfurase
[20:29:52] Modify product: Uncharacterized protein alr4550 => putative protein
[20:29:52] Modify product: Uncharacterized glycosyltransferase sll0501 => putative glycosyltransferase
[20:29:52] Modify product: Uncharacterized ABC transporter ATP-binding protein YknY => putative ABC transporter ATP-binding protein YknY
[20:29:52] Modify product: Uncharacterized oxidoreductase Rv2298 => putative oxidoreductase
[20:29:52] Modify product: Uncharacterized protein Rv0628c => putative protein
[20:29:52] Modify product: Probable ketoamine kinase lp_1983 => putative ketoamine kinase
[20:29:52] Modify product: Uncharacterized protein slr1565 => putative protein
[20:29:52] Modify product: Probable serine/threonine-protein kinase PkwA => putative serine/threonine-protein kinase PkwA
[20:29:52] Cleaned 133 /product names
[20:29:52] Deleting unwanted file: results/Synechocystis_GCF_000009725.1/Synechocystis.sprot.tmp.1046745.faa
[20:29:52] Deleting unwanted file: results/Synechocystis_GCF_000009725.1/Synechocystis.sprot.tmp.1046745.blast
[20:29:52] There are still 2291 unannotated CDS left (started with 3703)
[20:29:52] Will use hmmer3 to search against /usr/local/db/hmm/HAMAP.hmm with 8 CPUs
[20:29:52] Running: cat results\/Synechocystis_GCF_000009725\.1\/Synechocystis\.HAMAP\.hmm\.tmp\.1046745\.faa | parallel --gnu --plain -j 8 --block 41757 --recstart '>' --pipe hmmscan --noali --notextw --acc -E 1e-09 --cpu 1 /usr/local/db/hmm/HAMAP.hmm /dev/stdin > results\/Synechocystis_GCF_000009725\.1\/Synechocystis\.HAMAP\.hmm\.tmp\.1046745\.hmmer3 2> /dev/null
[20:30:03] Deleting unwanted file: results/Synechocystis_GCF_000009725.1/Synechocystis.HAMAP.hmm.tmp.1046745.faa
[20:30:03] Deleting unwanted file: results/Synechocystis_GCF_000009725.1/Synechocystis.HAMAP.hmm.tmp.1046745.hmmer3
[20:30:03] Labelling remaining 1958 proteins as 'hypothetical protein'
[20:30:03] Possible /pseudo 'putative siderophore-binding lipoprotein YfiY' at NC_000911.1 position 43571
[20:30:03] Possible /pseudo 'Carbon dioxide-concentrating mechanism protein CcmK ' at NC_000911.1 position 219206
[20:30:03] Possible /pseudo 'Sensor histidine kinase RcsC' at NC_000911.1 position 253125
[20:30:03] Possible /pseudo 'D-inositol-3-phosphate glycosyltransferase' at NC_000911.1 position 381177
[20:30:03] Possible /pseudo 'Serine/threonine-protein kinase A' at NC_000911.1 position 731363
[20:30:03] Possible /pseudo 'IS5 family transposase IS5Sa2' at NC_000911.1 position 852895
[20:30:03] Possible /pseudo 'D-inositol-3-phosphate glycosyltransferase' at NC_000911.1 position 950533
[20:30:03] Possible /pseudo 'putative serine/threonine-protein kinase PkwA' at NC_000911.1 position 1183660
[20:30:03] Possible /pseudo 'putative zinc protease' at NC_000911.1 position 1259760
[20:30:03] Possible /pseudo 'IS630 family transposase ISMae21' at NC_000911.1 position 1711093
[20:30:03] Possible /pseudo 'Type II secretion system protein F' at NC_000911.1 position 2204629
[20:30:03] Possible /pseudo 'ATP-dependent Clp protease proteolytic subunit' at NC_000911.1 position 2206551
[20:30:03] Possible /pseudo 'IS630 family transposase ISTcSa' at NC_000911.1 position 3098425
[20:30:03] Found 1188 unique /gene codes.
[20:30:03] Fixed 2 duplicate /gene - glnA_1 glnA_2
[20:30:03] Fixed 3 duplicate /gene - fusA_1 fusA_2 fusA_3
[20:30:03] Fixed 11 duplicate /gene - btuD_1 btuD_2 btuD_3 btuD_4 btuD_5 btuD_6 btuD_7 btuD_8 btuD_9 btuD_10 btuD_11
[20:30:03] Fixed 3 duplicate /gene - nuoL_1 nuoL_2 nuoL_3
[20:30:03] Fixed 2 duplicate /gene - cpdA_1 cpdA_2
[20:30:03] Fixed 2 duplicate /gene - livF_1 livF_2
[20:30:03] Fixed 2 duplicate /gene - mlaE_1 mlaE_2
[20:30:03] Fixed 3 duplicate /gene - galE_1 galE_2 galE_3
[20:30:03] Fixed 5 duplicate /gene - degU_1 degU_2 degU_3 degU_4 degU_5
[20:30:03] Fixed 2 duplicate /gene - pstB3_1 pstB3_2
[20:30:03] Fixed 3 duplicate /gene - arnC_1 arnC_2 arnC_3
[20:30:03] Fixed 3 duplicate /gene - cugP_1 cugP_2 cugP_3
[20:30:03] Fixed 2 duplicate /gene - hldD_1 hldD_2
[20:30:03] Fixed 2 duplicate /gene - atpG_1 atpG_2
[20:30:03] Fixed 2 duplicate /gene - trxA_1 trxA_2
[20:30:03] Fixed 3 duplicate /gene - gpmA_1 gpmA_2 gpmA_3
[20:30:03] Fixed 2 duplicate /gene - der_1 der_2
[20:30:03] Fixed 28 duplicate /gene - rcsC_1 rcsC_2 rcsC_3 rcsC_4 rcsC_5 rcsC_6 rcsC_7 rcsC_8 rcsC_9 rcsC_10 rcsC_11 rcsC_12 rcsC_13 rcsC_14 rcsC_15 rcsC_16 rcsC_17 rcsC_18 rcsC_19 rcsC_20 rcsC_21 rcsC_22 rcsC_23 rcsC_24 rcsC_25 rcsC_26 rcsC_27 rcsC_28
[20:30:03] Fixed 2 duplicate /gene - cbiC_1 cbiC_2
[20:30:03] Fixed 2 duplicate /gene - fabG_1 fabG_2
[20:30:03] Fixed 2 duplicate /gene - ctaD_1 ctaD_2
[20:30:03] Fixed 2 duplicate /gene - bicA_1 bicA_2
[20:30:03] Fixed 3 duplicate /gene - ndhB_1 ndhB_2 ndhB_3
[20:30:03] Fixed 2 duplicate /gene - gmd_1 gmd_2
[20:30:03] Fixed 3 duplicate /gene - gltS_1 gltS_2 gltS_3
[20:30:03] Fixed 4 duplicate /gene - ndhD1_1 ndhD1_2 ndhD1_3 ndhD1_4
[20:30:03] Fixed 4 duplicate /gene - moaA_1 moaA_2 moaA_3 moaA_4
[20:30:03] Fixed 2 duplicate /gene - ecfA2_1 ecfA2_2
[20:30:03] Fixed 2 duplicate /gene - tagU_1 tagU_2
[20:30:03] Fixed 3 duplicate /gene - pkwA_1 pkwA_2 pkwA_3
[20:30:03] Fixed 2 duplicate /gene - cmpC_1 cmpC_2
[20:30:03] Fixed 2 duplicate /gene - hisD_1 hisD_2
[20:30:03] Fixed 2 duplicate /gene - thrB_1 thrB_2
[20:30:03] Fixed 2 duplicate /gene - rlpA_1 rlpA_2
[20:30:03] Fixed 2 duplicate /gene - apcD_1 apcD_2
[20:30:03] Fixed 2 duplicate /gene - cmpB_1 cmpB_2
[20:30:03] Fixed 2 duplicate /gene - trpB_1 trpB_2
[20:30:03] Fixed 2 duplicate /gene - ilvE_1 ilvE_2
[20:30:03] Fixed 3 duplicate /gene - cysA_1 cysA_2 cysA_3
[20:30:03] Fixed 5 duplicate /gene - ubiB_1 ubiB_2 ubiB_3 ubiB_4 ubiB_5
[20:30:03] Fixed 4 duplicate /gene - iscS_1 iscS_2 iscS_3 iscS_4
[20:30:03] Fixed 5 duplicate /gene - xerC_1 xerC_2 xerC_3 xerC_4 xerC_5
[20:30:03] Fixed 2 duplicate /gene - cmpD_1 cmpD_2
[20:30:03] Fixed 2 duplicate /gene - hypA_1 hypA_2
[20:30:03] Fixed 2 duplicate /gene - fabF_1 fabF_2
[20:30:03] Fixed 2 duplicate /gene - sppA_1 sppA_2
[20:30:03] Fixed 2 duplicate /gene - epsF_1 epsF_2
[20:30:03] Fixed 2 duplicate /gene - gltB_1 gltB_2
[20:30:03] Fixed 2 duplicate /gene - czcA_1 czcA_2
[20:30:03] Fixed 2 duplicate /gene - divK_1 divK_2
[20:30:03] Fixed 2 duplicate /gene - suhB_1 suhB_2
[20:30:03] Fixed 2 duplicate /gene - spkA_1 spkA_2
[20:30:03] Fixed 2 duplicate /gene - menH_1 menH_2
[20:30:03] Fixed 2 duplicate /gene - amiC_1 amiC_2
[20:30:03] Fixed 2 duplicate /gene - adk_1 adk_2
[20:30:03] Fixed 2 duplicate /gene - glgX_1 glgX_2
[20:30:03] Fixed 2 duplicate /gene - lptB_1 lptB_2
[20:30:03] Fixed 2 duplicate /gene - mnmE_1 mnmE_2
[20:30:03] Fixed 2 duplicate /gene - thiL_1 thiL_2
[20:30:03] Fixed 2 duplicate /gene - pstC_1 pstC_2
[20:30:03] Fixed 2 duplicate /gene - mdtC_1 mdtC_2
[20:30:03] Fixed 3 duplicate /gene - yfiY_1 yfiY_2 yfiY_3
[20:30:03] Fixed 2 duplicate /gene - iolG_1 iolG_2
[20:30:03] Fixed 9 duplicate /gene - COQ5_1 COQ5_2 COQ5_3 COQ5_4 COQ5_5 COQ5_6 COQ5_7 COQ5_8 COQ5_9
[20:30:03] Fixed 3 duplicate /gene - tolQ_1 tolQ_2 tolQ_3
[20:30:03] Fixed 2 duplicate /gene - atpH_1 atpH_2
[20:30:03] Fixed 2 duplicate /gene - lptD_1 lptD_2
[20:30:03] Fixed 2 duplicate /gene - cph2_1 cph2_2
[20:30:03] Fixed 5 duplicate /gene - ycf3_1 ycf3_2 ycf3_3 ycf3_4 ycf3_5
[20:30:03] Fixed 2 duplicate /gene - kefC_1 kefC_2
[20:30:03] Fixed 2 duplicate /gene - pds_1 pds_2
[20:30:03] Fixed 2 duplicate /gene - cobD_1 cobD_2
[20:30:03] Fixed 3 duplicate /gene - gltI_1 gltI_2 gltI_3
[20:30:03] Fixed 4 duplicate /gene - clpP_1 clpP_2 clpP_3 clpP_4
[20:30:03] Fixed 2 duplicate /gene - patA_1 patA_2
[20:30:03] Fixed 2 duplicate /gene - hcaB_1 hcaB_2
[20:30:03] Fixed 4 duplicate /gene - rssB_1 rssB_2 rssB_3 rssB_4
[20:30:03] Fixed 2 duplicate /gene - pstS_1 pstS_2
[20:30:03] Fixed 2 duplicate /gene - pfp_1 pfp_2
[20:30:03] Fixed 2 duplicate /gene - ureG_1 ureG_2
[20:30:03] Fixed 2 duplicate /gene - ecfT_1 ecfT_2
[20:30:03] Fixed 2 duplicate /gene - ppaX_1 ppaX_2
[20:30:03] Fixed 2 duplicate /gene - araQ_1 araQ_2
[20:30:03] Fixed 2 duplicate /gene - yefM_1 yefM_2
[20:30:03] Fixed 2 duplicate /gene - algA_1 algA_2
[20:30:03] Fixed 2 duplicate /gene - pcxA_1 pcxA_2
[20:30:03] Fixed 2 duplicate /gene - psbA2_1 psbA2_2
[20:30:03] Fixed 3 duplicate /gene - dapL_1 dapL_2 dapL_3
[20:30:03] Fixed 2 duplicate /gene - fbiC_1 fbiC_2
[20:30:03] Fixed 3 duplicate /gene - walR_1 walR_2 walR_3
[20:30:03] Fixed 3 duplicate /gene - cmpR_1 cmpR_2 cmpR_3
[20:30:03] Fixed 4 duplicate /gene - sigA2_1 sigA2_2 sigA2_3 sigA2_4
[20:30:03] Fixed 3 duplicate /gene - tcrA_1 tcrA_2 tcrA_3
[20:30:03] Fixed 2 duplicate /gene - ftsH_1 ftsH_2
[20:30:03] Fixed 3 duplicate /gene - cntO_1 cntO_2 cntO_3
[20:30:03] Fixed 2 duplicate /gene - trmR_1 trmR_2
[20:30:03] Fixed 2 duplicate /gene - aspC_1 aspC_2
[20:30:03] Fixed 2 duplicate /gene - livH_1 livH_2
[20:30:03] Fixed 2 duplicate /gene - clcA_1 clcA_2
[20:30:03] Fixed 2 duplicate /gene - resA_1 resA_2
[20:30:03] Fixed 2 duplicate /gene - htpX_1 htpX_2
[20:30:03] Fixed 5 duplicate /gene - cheB_1 cheB_2 cheB_3 cheB_4 cheB_5
[20:30:03] Fixed 2 duplicate /gene - corA_1 corA_2
[20:30:03] Fixed 2 duplicate /gene - dmlR_1 dmlR_2
[20:30:03] Fixed 2 duplicate /gene - pyrD_1 pyrD_2
[20:30:03] Fixed 2 duplicate /gene - ndbB_1 ndbB_2
[20:30:03] Fixed 2 duplicate /gene - yheI_1 yheI_2
[20:30:03] Fixed 2 duplicate /gene - fcl_1 fcl_2
[20:30:03] Fixed 2 duplicate /gene - mntB_1 mntB_2
[20:30:03] Fixed 2 duplicate /gene - bfr_1 bfr_2
[20:30:03] Fixed 2 duplicate /gene - tldD_1 tldD_2
[20:30:03] Fixed 16 duplicate /gene - mshA_1 mshA_2 mshA_3 mshA_4 mshA_5 mshA_6 mshA_7 mshA_8 mshA_9 mshA_10 mshA_11 mshA_12 mshA_13 mshA_14 mshA_15 mshA_16
[20:30:03] Fixed 2 duplicate /gene - proA_1 proA_2
[20:30:03] Fixed 2 duplicate /gene - surE_1 surE_2
[20:30:03] Fixed 2 duplicate /gene - ctaE_1 ctaE_2
[20:30:03] Fixed 2 duplicate /gene - arnT_1 arnT_2
[20:30:03] Fixed 4 duplicate /gene - smc_1 smc_2 smc_3 smc_4
[20:30:03] Fixed 2 duplicate /gene - ligA_1 ligA_2
[20:30:03] Fixed 3 duplicate /gene - phoP_1 phoP_2 phoP_3
[20:30:03] Fixed 3 duplicate /gene - arsC_1 arsC_2 arsC_3
[20:30:03] Fixed 2 duplicate /gene - recF_1 recF_2
[20:30:03] Fixed 2 duplicate /gene - pyrC_1 pyrC_2
[20:30:03] Fixed 3 duplicate /gene - speA_1 speA_2 speA_3
[20:30:03] Fixed 2 duplicate /gene - prmC_1 prmC_2
[20:30:03] Fixed 2 duplicate /gene - macB_1 macB_2
[20:30:03] Fixed 2 duplicate /gene - hin_1 hin_2
[20:30:03] Fixed 2 duplicate /gene - gph_1 gph_2
[20:30:03] Fixed 16 duplicate /gene - sasA_1 sasA_2 sasA_3 sasA_4 sasA_5 sasA_6 sasA_7 sasA_8 sasA_9 sasA_10 sasA_11 sasA_12 sasA_13 sasA_14 sasA_15 sasA_16
[20:30:03] Fixed 2 duplicate /gene - sir_1 sir_2
[20:30:03] Fixed 3 duplicate /gene - tolR_1 tolR_2 tolR_3
[20:30:03] Fixed 3 duplicate /gene - cpoB_1 cpoB_2 cpoB_3
[20:30:03] Fixed 2 duplicate /gene - pacS_1 pacS_2
[20:30:03] Fixed 2 duplicate /gene - lpxD_1 lpxD_2
[20:30:03] Fixed 2 duplicate /gene - bchB_1 bchB_2
[20:30:03] Fixed 4 duplicate /gene - COQ3_1 COQ3_2 COQ3_3 COQ3_4
[20:30:03] Fixed 2 duplicate /gene - vapC2_1 vapC2_2
[20:30:03] Fixed 4 duplicate /gene - era_1 era_2 era_3 era_4
[20:30:03] Fixed 3 duplicate /gene - map_1 map_2 map_3
[20:30:03] Fixed 2 duplicate /gene - rlmB_1 rlmB_2
[20:30:03] Fixed 2 duplicate /gene - dfa3_1 dfa3_2
[20:30:03] Fixed 2 duplicate /gene - rbn_1 rbn_2
[20:30:03] Fixed 2 duplicate /gene - cpo_1 cpo_2
[20:30:03] Fixed 2 duplicate /gene - lpxB_1 lpxB_2
[20:30:03] Fixed 4 duplicate /gene - dnaJ_1 dnaJ_2 dnaJ_3 dnaJ_4
[20:30:03] Fixed 2 duplicate /gene - rutD_1 rutD_2
[20:30:03] Fixed 2 duplicate /gene - cysG_1 cysG_2
[20:30:03] Fixed 3 duplicate /gene - dnaK_1 dnaK_2 dnaK_3
[20:30:03] Fixed 2 duplicate /gene - crtNb_1 crtNb_2
[20:30:03] Fixed 2 duplicate /gene - cbpA_1 cbpA_2
[20:30:03] Fixed 2 duplicate /gene - umuC_1 umuC_2
[20:30:03] Fixed 2 duplicate /gene - psbD_1 psbD_2
[20:30:03] Fixed 2 duplicate /gene - msrA_1 msrA_2
[20:30:03] Fixed 2 duplicate /gene - rpsA_1 rpsA_2
[20:30:03] Fixed 2 duplicate /gene - rnr_1 rnr_2
[20:30:03] Fixed 2 duplicate /gene - dppB_1 dppB_2
[20:30:03] Fixed 2 duplicate /gene - clpS_1 clpS_2
[20:30:03] Fixed 2 duplicate /gene - mfd_1 mfd_2
[20:30:03] Fixed 3 duplicate /gene - mprA_1 mprA_2 mprA_3
[20:30:03] Fixed 2 duplicate /gene - lnrL_1 lnrL_2
[20:30:03] Fixed 2 duplicate /gene - mtgA_1 mtgA_2
[20:30:03] Fixed 2 duplicate /gene - yoeB_1 yoeB_2
[20:30:03] Fixed 2 duplicate /gene - malP_1 malP_2
[20:30:03] Fixed 2 duplicate /gene - cdd_1 cdd_2
[20:30:03] Fixed 2 duplicate /gene - cas1_1 cas1_2
[20:30:03] Fixed 2 duplicate /gene - sphR_1 sphR_2
[20:30:03] Fixed 3 duplicate /gene - cobN_1 cobN_2 cobN_3
[20:30:03] Fixed 2 duplicate /gene - IMPDH_1 IMPDH_2
[20:30:03] Fixed 3 duplicate /gene - rhaR_1 rhaR_2 rhaR_3
[20:30:03] Fixed 2 duplicate /gene - glmM_1 glmM_2
[20:30:03] Fixed 2 duplicate /gene - pstA_1 pstA_2
[20:30:03] Fixed 3 duplicate /gene - pacL_1 pacL_2 pacL_3
[20:30:03] Fixed 3 duplicate /gene - kaiB_1 kaiB_2 kaiB_3
[20:30:03] Fixed 2 duplicate /gene - menA_1 menA_2
[20:30:03] Fixed 3 duplicate /gene - kaiC_1 kaiC_2 kaiC_3
[20:30:03] Fixed 3 duplicate /gene - tolB_1 tolB_2 tolB_3
[20:30:03] Fixed 2 duplicate /gene - glgA_1 glgA_2
[20:30:03] Fixed 2 duplicate /gene - tatA_1 tatA_2
[20:30:03] Fixed 2 duplicate /gene - clpB1_1 clpB1_2
[20:30:03] Fixed 2 duplicate /gene - lacF_1 lacF_2
[20:30:03] Fixed 2 duplicate /gene - ndhK1_1 ndhK1_2
[20:30:03] Fixed 2 duplicate /gene - yhhT_1 yhhT_2
[20:30:03] Fixed 2 duplicate /gene - nadK_1 nadK_2
[20:30:03] Fixed 3 duplicate /gene - bepA_1 bepA_2 bepA_3
[20:30:03] Fixed 2 duplicate /gene - rnc_1 rnc_2
[20:30:03] Fixed 2 duplicate /gene - dnaE_1 dnaE_2
[20:30:03] Fixed 2 duplicate /gene - desA_1 desA_2
[20:30:03] Fixed 4 duplicate /gene - petC_1 petC_2 petC_3 petC_4
[20:30:03] Fixed 2 duplicate /gene - recD2_1 recD2_2
[20:30:03] Fixed 2 duplicate /gene - cas2_1 cas2_2
[20:30:03] Fixed 2 duplicate /gene - glpE_1 glpE_2
[20:30:03] Fixed 2 duplicate /gene - gyrA_1 gyrA_2
[20:30:03] Fixed 191 colliding /gene names.
[20:30:03] Adding /locus_tag identifiers
[20:30:03] Assigned 3749 locus_tags to CDS and RNA features.
[20:30:03] Writing outputs to results/Synechocystis_GCF_000009725.1/
[20:30:05] Generating annotation statistics file
[20:30:05] Generating Genbank and Sequin files
[20:30:05] Running: tbl2asn -V b -a r10k -l paired-ends -M n -N 1 -y 'Annotated using prokka 1.14.6 from https://github.com/tseemann/prokka' -Z results\/Synechocystis_GCF_000009725\.1\/Synechocystis\.err -i results\/Synechocystis_GCF_000009725\.1\/Synechocystis\.fsa 2> /dev/null
[20:30:09] Deleting unwanted file: results/Synechocystis_GCF_000009725.1/errorsummary.val
[20:30:09] Deleting unwanted file: results/Synechocystis_GCF_000009725.1/Synechocystis.dr
[20:30:09] Deleting unwanted file: results/Synechocystis_GCF_000009725.1/Synechocystis.fixedproducts
[20:30:09] Deleting unwanted file: results/Synechocystis_GCF_000009725.1/Synechocystis.ecn
[20:30:09] Deleting unwanted file: results/Synechocystis_GCF_000009725.1/Synechocystis.val
[20:30:09] Repairing broken .GBK output that tbl2asn produces...
[20:30:09] Running: sed 's/COORDINATES: profile/COORDINATES:profile/' < results\/Synechocystis_GCF_000009725\.1\/Synechocystis\.gbf > results\/Synechocystis_GCF_000009725\.1\/Synechocystis\.gbk
[20:30:09] Deleting unwanted file: results/Synechocystis_GCF_000009725.1/Synechocystis.gbf
[20:30:09] Output files:
[20:30:09] results/Synechocystis_GCF_000009725.1/Synechocystis.faa
[20:30:09] results/Synechocystis_GCF_000009725.1/Synechocystis.gbk
[20:30:09] results/Synechocystis_GCF_000009725.1/Synechocystis.ffn
[20:30:09] results/Synechocystis_GCF_000009725.1/Synechocystis.err
[20:30:09] results/Synechocystis_GCF_000009725.1/Synechocystis.tsv
[20:30:09] results/Synechocystis_GCF_000009725.1/Synechocystis.log
[20:30:09] results/Synechocystis_GCF_000009725.1/Synechocystis.txt
[20:30:09] results/Synechocystis_GCF_000009725.1/Synechocystis.fsa
[20:30:09] results/Synechocystis_GCF_000009725.1/Synechocystis.sqn
[20:30:09] results/Synechocystis_GCF_000009725.1/Synechocystis.gff
[20:30:09] results/Synechocystis_GCF_000009725.1/Synechocystis.tbl
[20:30:09] results/Synechocystis_GCF_000009725.1/Synechocystis.fna
[20:30:09] Annotation finished successfully.
[20:30:09] Walltime used: 1.12 minutes
[20:30:09] If you use this result please cite the Prokka paper:
[20:30:09] Seemann T (2014) Prokka: rapid prokaryotic genome annotation. Bioinformatics. 30(14):2068-9.
[20:30:09] Type 'prokka --citation' for more details.
[20:30:09] Share and enjoy!
