[21:01:58] This is prokka 1.14.6
[21:01:58] Written by Torsten Seemann <torsten.seemann@gmail.com>
[21:01:58] Homepage is https://github.com/tseemann/prokka
[21:01:58] Local time is Sat Jun 13 21:01:58 2026
[21:01:58] You are ametrano
[21:01:58] Operating system is linux
[21:01:58] You have BioPerl 1.7.8
[21:01:58] System has 576 cores.
[21:01:58] Will use maximum of 12 cores.
[21:01:58] Annotating as >>> Bacteria <<<
[21:01:58] Generating locus_tag from './data/GCF_000011465.1_ASM1146v1_genomic.fna' contents.
[21:01:58] Setting --locustag LLGMAHPF from MD5 5506a19ffb83bd34e2048714f467a7f7
[21:01:58] Creating new output folder: results/Prochlorococcus_GCF_000011465.1
[21:01:58] Running: mkdir -p results\/Prochlorococcus_GCF_000011465\.1
[21:01:58] Using filename prefix: Prochlorococcus.XXX
[21:01:58] Setting HMMER_NCPU=1
[21:01:58] Writing log to: results/Prochlorococcus_GCF_000011465.1/Prochlorococcus.log
[21:01:58] Command: /usr/local/bin/prokka --outdir results/Prochlorococcus_GCF_000011465.1 --prefix Prochlorococcus --cpu 12 ./data/GCF_000011465.1_ASM1146v1_genomic.fna
[21:01:58] Appending to PATH: /usr/local/bin
[21:01:58] Looking for 'aragorn' - found /usr/local/bin/aragorn
[21:01:58] Determined aragorn version is 001002 from 'ARAGORN v1.2.41 Dean Laslett'
[21:01:58] Looking for 'barrnap' - found /usr/local/bin/barrnap
[21:01:58] Determined barrnap version is 000009 from 'barrnap 0.9'
[21:01:58] Looking for 'blastp' - found /usr/local/bin/blastp
[21:01:59] Determined blastp version is 002014 from 'blastp: 2.14.1+'
[21:01:59] Looking for 'cmpress' - found /usr/local/bin/cmpress
[21:01:59] Determined cmpress version is 001001 from '# INFERNAL 1.1.4 (Dec 2020)'
[21:01:59] Looking for 'cmscan' - found /usr/local/bin/cmscan
[21:01:59] Determined cmscan version is 001001 from '# INFERNAL 1.1.4 (Dec 2020)'
[21:01:59] Looking for 'egrep' - found /bin/egrep
[21:01:59] Looking for 'find' - found /usr/bin/find
[21:01:59] Looking for 'grep' - found /bin/grep
[21:01:59] Looking for 'hmmpress' - found /usr/local/bin/hmmpress
[21:01:59] Determined hmmpress version is 003003 from '# HMMER 3.3.2 (Nov 2020); http://hmmer.org/'
[21:01:59] Looking for 'hmmscan' - found /usr/local/bin/hmmscan
[21:01:59] Determined hmmscan version is 003003 from '# HMMER 3.3.2 (Nov 2020); http://hmmer.org/'
[21:01:59] Looking for 'java' - found /usr/local/bin/java
[21:01:59] Looking for 'makeblastdb' - found /usr/local/bin/makeblastdb
[21:01:59] Determined makeblastdb version is 002014 from 'makeblastdb: 2.14.1+'
[21:01:59] Looking for 'minced' - found /usr/local/bin/minced
[21:01:59] Determined minced version is 004002 from 'minced 0.4.2'
[21:01:59] Looking for 'parallel' - found /usr/local/bin/parallel
[21:01:59] Determined parallel version is 20230722 from 'GNU parallel 20230722'
[21:01:59] Looking for 'prodigal' - found /usr/local/bin/prodigal
[21:01:59] Determined prodigal version is 002006 from 'Prodigal V2.6.3: February, 2016'
[21:01:59] Looking for 'prokka-genbank_to_fasta_db' - found /usr/local/bin/prokka-genbank_to_fasta_db
[21:01:59] Looking for 'sed' - found /bin/sed
[21:01:59] Looking for 'tbl2asn' - found /usr/local/bin/tbl2asn
[21:01:59] Determined tbl2asn version is 025007 from 'tbl2asn 25.7   arguments:'
[21:01:59] Using genetic code table 11.
[21:01:59] Loading and checking input file: ./data/GCF_000011465.1_ASM1146v1_genomic.fna
[21:02:00] Wrote 1 contigs totalling 1657990 bp.
[21:02:00] Predicting tRNAs and tmRNAs
[21:02:00] Running: aragorn -l -gc11  -w results\/Prochlorococcus_GCF_000011465\.1\/Prochlorococcus\.fna
[21:02:00] 1 tmRNA* c[56316,56628] 172,222 ANKIVSFSRQTAPVAA*
[21:02:00] 2 tRNA-Leu c[65453,65536] 36 (aag)
[21:02:00] 3 tRNA-Asn [122895,122968] 34 (gtt)
[21:02:00] 4 tRNA-Leu [229473,229554] 35 (tag)
[21:02:00] 5 tRNA-Arg c[249344,249419] 36 (acg)
[21:02:00] 6 tRNA-Met c[264443,264518] 35 (cat)
[21:02:00] 7 tRNA-Phe c[296378,296452] 34 (gaa)
[21:02:00] 8 tRNA-Thr c[305095,305168] 34 (tgt)
[21:02:00] 9 tRNA-Ile [314648,314723] 36 (gat)
[21:02:00] 10 tRNA-Ala [314735,314808] 34 (tgc)
[21:02:00] 11 tRNA-Thr c[368348,368419] 33 (ggt)
[21:02:00] 12 tRNA-Tyr c[368429,368511] 35 (gta)
[21:02:00] 13 tRNA-Asp c[450063,450138] 36 (gtc)
[21:02:00] 14 tRNA-Trp c[450519,450593] 35 (cca)
[21:02:00] 15 tRNA-Leu [538179,538266] 36 (taa)
[21:02:00] 16 tRNA-Ser c[625757,625846] 35 (tga)
[21:02:00] 17 tRNA-Met c[776396,776472] 35 (cat)
[21:02:00] 18 tRNA-Trp c[785950,786046] 35 (cca)
[21:02:00] 19 tRNA-Thr [818171,818244] 34 (cgt)
[21:02:00] 20 tRNA-Met c[819740,819813] 35 (cat)
[21:02:00] 21 tRNA-Ser c[861144,861230] 35 (gga)
[21:02:00] 22 tRNA-Pro [914442,914515] 35 (ggg)
[21:02:00] 23 tRNA-Glu c[1020082,1020156] 36 (ttc)
[21:02:00] 24 tRNA-Lys [1063867,1063939] 33 (ttt)
[21:02:00] 25 tRNA-Pro [1071431,1071504] 35 (tgg)
[21:02:00] 26 tRNA-Ser c[1115985,1116071] 36 (cga)
[21:02:00] 27 tRNA-Arg [1143409,1143484] 36 (tct)
[21:02:00] 28 tRNA-Ala c[1208564,1208638] 35 (ggc)
[21:02:00] 29 tRNA-Leu [1252993,1253075] 35 (caa)
[21:02:00] 30 tRNA-His [1258262,1258335] 34 (gtg)
[21:02:00] 31 tRNA-Gly c[1274670,1274740] 33 (tcc)
[21:02:00] 32 tRNA-Val [1306262,1306333] 33 (gac)
[21:02:00] 33 tRNA-Ser c[1469550,1469640] 36 (gct)
[21:02:00] 34 tRNA-Gln [1489482,1489555] 34 (ttg)
[21:02:00] 35 tRNA-Arg [1502203,1502276] 35 (ccg)
[21:02:00] 36 tRNA-Cys [1516866,1516936] 33 (gca)
[21:02:00] 37 tRNA-Arg c[1533817,1533892] 36 (cct)
[21:02:00] 38 tRNA-Gly c[1570753,1570824] 33 (gcc)
[21:02:00] 39 tRNA-Val c[1617346,1617417] 33 (tac)
[21:02:00] Found 39 tRNAs
[21:02:00] Predicting Ribosomal RNAs
[21:02:00] Running Barrnap with 12 threads
[21:02:00] 1 NC_005072.1 313044 16S ribosomal RNA
[21:02:00] 2 NC_005072.1 315076 23S ribosomal RNA
[21:02:00] 3 NC_005072.1 318016 5S ribosomal RNA
[21:02:00] Found 3 rRNAs
[21:02:00] Skipping ncRNA search, enable with --rfam if desired.
[21:02:00] Total of 41 tRNA + rRNA features
[21:02:00] Searching for CRISPR repeats
[21:02:01] Found 0 CRISPRs
[21:02:01] Predicting coding sequences
[21:02:01] Contigs total 1657990 bp, so using single mode
[21:02:01] Running: prodigal -i results\/Prochlorococcus_GCF_000011465\.1\/Prochlorococcus\.fna -c -m -g 11 -p single -f sco -q
[21:02:03] Excluding CDS which overlaps existing RNA (tRNA) at NC_005072.1:538068..538235 on + strand
[21:02:03] Excluding CDS which overlaps existing RNA (tRNA) at NC_005072.1:785324..786166 on + strand
[21:02:03] Excluding CDS which overlaps existing RNA (tRNA) at NC_005072.1:1252981..1254255 on + strand
[21:02:03] Excluding CDS which overlaps existing RNA (tRNA) at NC_005072.1:1502134..1502298 on + strand
[21:02:03] Excluding CDS which overlaps existing RNA (tRNA) at NC_005072.1:1515594..1517012 on - strand
[21:02:03] Found 1916 CDS
[21:02:03] Connecting features back to sequences
[21:02:03] Not using genus-specific database. Try --usegenus to enable it.
[21:02:03] Annotating CDS, please be patient.
[21:02:03] Will use 12 CPUs for similarity searching.
[21:02:03] There are still 1916 unannotated CDS left (started with 1916)
[21:02:03] Will use blast to search against /usr/local/db/kingdom/Bacteria/IS with 12 CPUs
[21:02:03] Running: cat results\/Prochlorococcus_GCF_000011465\.1\/Prochlorococcus\.IS\.tmp\.1079046\.faa | parallel --gnu --plain -j 12 --block 21175 --recstart '>' --pipe blastp -query - -db /usr/local/db/kingdom/Bacteria/IS -evalue 1e-30 -qcov_hsp_perc 90 -num_threads 1 -num_descriptions 1 -num_alignments 1 -seg no > results\/Prochlorococcus_GCF_000011465\.1\/Prochlorococcus\.IS\.tmp\.1079046\.blast 2> /dev/null
[21:02:06] Deleting unwanted file: results/Prochlorococcus_GCF_000011465.1/Prochlorococcus.IS.tmp.1079046.faa
[21:02:06] Deleting unwanted file: results/Prochlorococcus_GCF_000011465.1/Prochlorococcus.IS.tmp.1079046.blast
[21:02:06] There are still 1916 unannotated CDS left (started with 1916)
[21:02:06] Will use blast to search against /usr/local/db/kingdom/Bacteria/AMR with 12 CPUs
[21:02:06] Running: cat results\/Prochlorococcus_GCF_000011465\.1\/Prochlorococcus\.AMR\.tmp\.1079046\.faa | parallel --gnu --plain -j 12 --block 21175 --recstart '>' --pipe blastp -query - -db /usr/local/db/kingdom/Bacteria/AMR -evalue 1e-300 -qcov_hsp_perc 90 -num_threads 1 -num_descriptions 1 -num_alignments 1 -seg no > results\/Prochlorococcus_GCF_000011465\.1\/Prochlorococcus\.AMR\.tmp\.1079046\.blast 2> /dev/null
[21:02:08] Deleting unwanted file: results/Prochlorococcus_GCF_000011465.1/Prochlorococcus.AMR.tmp.1079046.faa
[21:02:08] Deleting unwanted file: results/Prochlorococcus_GCF_000011465.1/Prochlorococcus.AMR.tmp.1079046.blast
[21:02:08] There are still 1916 unannotated CDS left (started with 1916)
[21:02:08] Will use blast to search against /usr/local/db/kingdom/Bacteria/sprot with 12 CPUs
[21:02:08] Running: cat results\/Prochlorococcus_GCF_000011465\.1\/Prochlorococcus\.sprot\.tmp\.1079046\.faa | parallel --gnu --plain -j 12 --block 21175 --recstart '>' --pipe blastp -query - -db /usr/local/db/kingdom/Bacteria/sprot -evalue 1e-09 -qcov_hsp_perc 80 -num_threads 1 -num_descriptions 1 -num_alignments 1 -seg no > results\/Prochlorococcus_GCF_000011465\.1\/Prochlorococcus\.sprot\.tmp\.1079046\.blast 2> /dev/null
[21:02:17] Modify product: Uncharacterized ABC transporter ATP-binding protein YlmA => putative ABC transporter ATP-binding protein YlmA
[21:02:17] Modify product: Putative multidrug export ATP-binding/permease protein SAV1866 => Putative multidrug export ATP-binding/permease protein
[21:02:17] Modify product: Probable protein kinase UbiB => putative protein kinase UbiB
[21:02:17] Modify product: Probable bifunctional SAT/APS kinase => putative bifunctional SAT/APS kinase
[21:02:17] Modify product: UPF0053 protein Rv1842c => hypothetical protein
[21:02:17] Modify product: Probable ribonucleotide transport ATP-binding protein mkl => putative ribonucleotide transport ATP-binding protein mkl
[21:02:17] Modify product: Putative peroxiredoxin Rv1608c => Putative peroxiredoxin
[21:02:17] Modify product: Uncharacterized ABC transporter ATP-binding protein YknY => putative ABC transporter ATP-binding protein YknY
[21:02:17] Modify product: Uncharacterized ABC transporter ATP-binding protein TM_0288 => putative ABC transporter ATP-binding protein
[21:02:17] Modify product: Uncharacterized oxidoreductase Rv2298 => putative oxidoreductase
[21:02:17] Modify product: Probable cytochrome c oxidase subunit 1 => putative cytochrome c oxidase subunit 1
[21:02:17] Modify product: Probable murein peptide carboxypeptidase => putative murein peptide carboxypeptidase
[21:02:17] Modify product: Rqc2 homolog RqcH => Rqc2 RqcH
[21:02:17] Modify product: UPF0234 protein MSMEG_1165/MSMEI_1134 => hypothetical protein
[21:02:17] Modify product: Uncharacterized zinc protease Rv2782c => putative zinc protease
[21:02:17] Modify product: Uncharacterized ABC transporter ATP-binding protein Rv0986 => putative ABC transporter ATP-binding protein
[21:02:17] Modify product: GTP-binding protein TypA/BipA homolog => GTP-binding protein TypA/BipA 
[21:02:17] Modify product: Probable ABC transporter phosphite binding protein PhnD1 => putative ABC transporter phosphite binding protein PhnD1
[21:02:17] Modify product: Probable chromate transport protein => putative chromate transport protein
[21:02:17] Modify product: Probable glutaredoxin ssr2061 => putative glutaredoxin
[21:02:17] Modify product: Probable nicotinate-nucleotide pyrophosphorylase [carboxylating] => putative nicotinate-nucleotide pyrophosphorylase [carboxylating]
[21:02:17] Modify product: Uncharacterized ABC transporter ATP-binding protein YejF => putative ABC transporter ATP-binding protein YejF
[21:02:17] Modify product: Uncharacterized periplasmic iron-binding protein HI_0362 => putative periplasmic iron-binding protein
[21:02:17] Modify product: Probable 2-phosphosulfolactate phosphatase => putative 2-phosphosulfolactate phosphatase
[21:02:17] Modify product: Probable cysteine desulfurase => putative cysteine desulfurase
[21:02:17] Modify product: Probable ATP-dependent transporter SufC => putative ATP-dependent transporter SufC
[21:02:17] Modify product: Uncharacterized AAA domain-containing protein Rv2559c => putative AAA domain-containing protein
[21:02:17] Modify product: Uncharacterized ABC transporter ATP-binding protein YheS => putative ABC transporter ATP-binding protein YheS
[21:02:17] Modify product: Vitamin K epoxide reductase homolog => Vitamin K epoxide reductase 
[21:02:17] Modify product: Epimerase family protein SA0724 => Epimerase family protein
[21:02:17] Modify product: Probable copper-transporting ATPase PacS => putative copper-transporting ATPase PacS
[21:02:17] Modify product: Uncharacterized protein Rv2411c => putative protein
[21:02:18] Modify product: Uncharacterized tRNA/rRNA methyltransferase HI_0380 => putative tRNA/rRNA methyltransferase
[21:02:18] Modify product: Uncharacterized oxidoreductase MSMEG_1603/MSMEI_1564 => putative oxidoreductase/MSMEI_1564
[21:02:18] Modify product: 1,4-alpha-glucan branching enzyme TTHA1902 => 1,4-alpha-glucan branching enzyme
[21:02:18] Modify product: Bifunctional protein FolD => Bifunctional protein FolD protein
[21:02:18] Modify product: UPF0053 protein Rv2366c => hypothetical protein
[21:02:18] Modify product: Probable flavin reductase => putative flavin reductase
[21:02:18] Modify product: Probable undecaprenyl-phosphate N-acetylglucosaminyl 1-phosphate transferase => putative undecaprenyl-phosphate N-acetylglucosaminyl 1-phosphate transferase
[21:02:18] Modify product: Uncharacterized glycosyltransferase sll0501 => putative glycosyltransferase
[21:02:18] Modify product: Uncharacterized ABC transporter ATP-binding protein TM_0288 => putative ABC transporter ATP-binding protein
[21:02:18] Modify product: Probable peptidoglycan glycosyltransferase FtsW => putative peptidoglycan glycosyltransferase FtsW
[21:02:18] Modify product: Probable helicase HelY => putative helicase HelY
[21:02:18] Modify product: Probable dual-specificity RNA methyltransferase RlmN => putative dual-specificity RNA methyltransferase RlmN
[21:02:18] Modify product: Probable multidrug resistance ABC transporter ATP-binding/permease protein YheI => putative multidrug resistance ABC transporter ATP-binding/permease protein YheI
[21:02:18] Modify product: Putative low molecular weight protein-tyrosine-phosphatase slr0328 => Putative low molecular weight protein-tyrosine-phosphatase
[21:02:18] Modify product: Probable ketoamine kinase HMPREF0351_12196 => putative ketoamine kinase
[21:02:18] Modify product: Probable adenylyltransferase/sulfurtransferase MoeZ => putative adenylyltransferase/sulfurtransferase MoeZ
[21:02:18] Modify product: Uncharacterized PIN and TRAM-domain containing protein YacL => putative PIN and TRAM-domain containing protein YacL
[21:02:18] Modify product: Glycogen operon protein GlgX homolog => Glycogen operon protein GlgX 
[21:02:18] Modify product: Probable cytosol aminopeptidase => putative cytosol aminopeptidase
[21:02:18] Cleaned 51 /product names
[21:02:18] Deleting unwanted file: results/Prochlorococcus_GCF_000011465.1/Prochlorococcus.sprot.tmp.1079046.faa
[21:02:18] Deleting unwanted file: results/Prochlorococcus_GCF_000011465.1/Prochlorococcus.sprot.tmp.1079046.blast
[21:02:18] There are still 1096 unannotated CDS left (started with 1916)
[21:02:18] Will use hmmer3 to search against /usr/local/db/hmm/HAMAP.hmm with 12 CPUs
[21:02:18] Running: cat results\/Prochlorococcus_GCF_000011465\.1\/Prochlorococcus\.HAMAP\.hmm\.tmp\.1079046\.faa | parallel --gnu --plain -j 12 --block 8837 --recstart '>' --pipe hmmscan --noali --notextw --acc -E 1e-09 --cpu 1 /usr/local/db/hmm/HAMAP.hmm /dev/stdin > results\/Prochlorococcus_GCF_000011465\.1\/Prochlorococcus\.HAMAP\.hmm\.tmp\.1079046\.hmmer3 2> /dev/null
[21:02:23] Deleting unwanted file: results/Prochlorococcus_GCF_000011465.1/Prochlorococcus.HAMAP.hmm.tmp.1079046.faa
[21:02:23] Deleting unwanted file: results/Prochlorococcus_GCF_000011465.1/Prochlorococcus.HAMAP.hmm.tmp.1079046.hmmer3
[21:02:23] Labelling remaining 944 proteins as 'hypothetical protein'
[21:02:23] Possible /pseudo 'dTDP-3-amino-3,6-dideoxy-alpha-D-galactopyranose transaminase' at NC_005072.1 position 1212737
[21:02:23] Possible /pseudo 'ATP-dependent Clp protease proteolytic subunit' at NC_005072.1 position 1267406
[21:02:23] Possible /pseudo 'DNA-directed RNA polymerase subunit beta'' at NC_005072.1 position 1418077
[21:02:23] Possible /pseudo 'Putative fluoride ion transporter CrcB' at NC_005072.1 position 1560152
[21:02:23] Found 845 unique /gene codes.
[21:02:23] Fixed 2 duplicate /gene - cysQ_1 cysQ_2
[21:02:23] Fixed 2 duplicate /gene - hhoA_1 hhoA_2
[21:02:23] Fixed 2 duplicate /gene - dnaK2_1 dnaK2_2
[21:02:23] Fixed 2 duplicate /gene - glmM_1 glmM_2
[21:02:23] Fixed 2 duplicate /gene - era_1 era_2
[21:02:23] Fixed 2 duplicate /gene - arnT_1 arnT_2
[21:02:23] Fixed 2 duplicate /gene - crtL_1 crtL_2
[21:02:23] Fixed 2 duplicate /gene - speA_1 speA_2
[21:02:23] Fixed 2 duplicate /gene - hisB_1 hisB_2
[21:02:23] Fixed 4 duplicate /gene - clpP_1 clpP_2 clpP_3 clpP_4
[21:02:23] Fixed 2 duplicate /gene - COQ3_1 COQ3_2
[21:02:23] Fixed 2 duplicate /gene - pnp_1 pnp_2
[21:02:23] Fixed 2 duplicate /gene - ftsH2_1 ftsH2_2
[21:02:23] Fixed 4 duplicate /gene - sasA_1 sasA_2 sasA_3 sasA_4
[21:02:23] Fixed 2 duplicate /gene - lpxB_1 lpxB_2
[21:02:23] Fixed 2 duplicate /gene - novN_1 novN_2
[21:02:23] Fixed 2 duplicate /gene - mnmC_1 mnmC_2
[21:02:23] Fixed 4 duplicate /gene - mntB_1 mntB_2 mntB_3 mntB_4
[21:02:23] Fixed 2 duplicate /gene - nadK_1 nadK_2
[21:02:23] Fixed 2 duplicate /gene - pyrC_1 pyrC_2
[21:02:23] Fixed 2 duplicate /gene - gyrA_1 gyrA_2
[21:02:23] Fixed 4 duplicate /gene - sigA2_1 sigA2_2 sigA2_3 sigA2_4
[21:02:23] Fixed 2 duplicate /gene - atpH_1 atpH_2
[21:02:23] Fixed 3 duplicate /gene - fdtB_1 fdtB_2 fdtB_3
[21:02:23] Fixed 2 duplicate /gene - atpG_1 atpG_2
[21:02:23] Fixed 2 duplicate /gene - crtNb_1 crtNb_2
[21:02:23] Fixed 2 duplicate /gene - lig_1 lig_2
[21:02:23] Fixed 2 duplicate /gene - pds_1 pds_2
[21:02:23] Fixed 2 duplicate /gene - murE_1 murE_2
[21:02:23] Fixed 2 duplicate /gene - COQ5_1 COQ5_2
[21:02:23] Fixed 2 duplicate /gene - cobN_1 cobN_2
[21:02:23] Fixed 2 duplicate /gene - menF_1 menF_2
[21:02:23] Fixed 4 duplicate /gene - menH_1 menH_2 menH_3 menH_4
[21:02:23] Fixed 2 duplicate /gene - ndhD1_1 ndhD1_2
[21:02:23] Fixed 2 duplicate /gene - clpB1_1 clpB1_2
[21:02:23] Fixed 3 duplicate /gene - ubiB_1 ubiB_2 ubiB_3
[21:02:23] Fixed 2 duplicate /gene - menA_1 menA_2
[21:02:23] Fixed 2 duplicate /gene - yciC_1 yciC_2
[21:02:23] Fixed 2 duplicate /gene - ruvB_1 ruvB_2
[21:02:23] Fixed 2 duplicate /gene - crcB_1 crcB_2
[21:02:23] Fixed 4 duplicate /gene - dnaJ_1 dnaJ_2 dnaJ_3 dnaJ_4
[21:02:23] Fixed 2 duplicate /gene - iscS_1 iscS_2
[21:02:23] Fixed 2 duplicate /gene - prmC_1 prmC_2
[21:02:23] Fixed 2 duplicate /gene - galE_1 galE_2
[21:02:23] Fixed 2 duplicate /gene - cugP_1 cugP_2
[21:02:23] Fixed 2 duplicate /gene - ppa_1 ppa_2
[21:02:23] Fixed 2 duplicate /gene - tam_1 tam_2
[21:02:23] Fixed 2 duplicate /gene - rnr_1 rnr_2
[21:02:23] Fixed 2 duplicate /gene - cobD_1 cobD_2
[21:02:23] Fixed 2 duplicate /gene - der_1 der_2
[21:02:23] Fixed 2 duplicate /gene - dsbD_1 dsbD_2
[21:02:23] Fixed 51 colliding /gene names.
[21:02:23] Adding /locus_tag identifiers
[21:02:23] Assigned 1958 locus_tags to CDS and RNA features.
[21:02:23] Writing outputs to results/Prochlorococcus_GCF_000011465.1/
[21:02:23] Generating annotation statistics file
[21:02:23] Generating Genbank and Sequin files
[21:02:23] Running: tbl2asn -V b -a r10k -l paired-ends -M n -N 1 -y 'Annotated using prokka 1.14.6 from https://github.com/tseemann/prokka' -Z results\/Prochlorococcus_GCF_000011465\.1\/Prochlorococcus\.err -i results\/Prochlorococcus_GCF_000011465\.1\/Prochlorococcus\.fsa 2> /dev/null
[21:02:25] Deleting unwanted file: results/Prochlorococcus_GCF_000011465.1/errorsummary.val
[21:02:25] Deleting unwanted file: results/Prochlorococcus_GCF_000011465.1/Prochlorococcus.dr
[21:02:25] Deleting unwanted file: results/Prochlorococcus_GCF_000011465.1/Prochlorococcus.fixedproducts
[21:02:25] Deleting unwanted file: results/Prochlorococcus_GCF_000011465.1/Prochlorococcus.ecn
[21:02:25] Deleting unwanted file: results/Prochlorococcus_GCF_000011465.1/Prochlorococcus.val
[21:02:25] Repairing broken .GBK output that tbl2asn produces...
[21:02:25] Running: sed 's/COORDINATES: profile/COORDINATES:profile/' < results\/Prochlorococcus_GCF_000011465\.1\/Prochlorococcus\.gbf > results\/Prochlorococcus_GCF_000011465\.1\/Prochlorococcus\.gbk
[21:02:25] Deleting unwanted file: results/Prochlorococcus_GCF_000011465.1/Prochlorococcus.gbf
[21:02:25] Output files:
[21:02:25] results/Prochlorococcus_GCF_000011465.1/Prochlorococcus.txt
[21:02:25] results/Prochlorococcus_GCF_000011465.1/Prochlorococcus.fna
[21:02:25] results/Prochlorococcus_GCF_000011465.1/Prochlorococcus.err
[21:02:25] results/Prochlorococcus_GCF_000011465.1/Prochlorococcus.gbk
[21:02:25] results/Prochlorococcus_GCF_000011465.1/Prochlorococcus.sqn
[21:02:25] results/Prochlorococcus_GCF_000011465.1/Prochlorococcus.tsv
[21:02:25] results/Prochlorococcus_GCF_000011465.1/Prochlorococcus.ffn
[21:02:25] results/Prochlorococcus_GCF_000011465.1/Prochlorococcus.faa
[21:02:25] results/Prochlorococcus_GCF_000011465.1/Prochlorococcus.fsa
[21:02:25] results/Prochlorococcus_GCF_000011465.1/Prochlorococcus.log
[21:02:25] results/Prochlorococcus_GCF_000011465.1/Prochlorococcus.tbl
[21:02:25] results/Prochlorococcus_GCF_000011465.1/Prochlorococcus.gff
[21:02:25] Annotation finished successfully.
[21:02:25] Walltime used: 0.45 minutes
[21:02:25] If you use this result please cite the Prokka paper:
[21:02:25] Seemann T (2014) Prokka: rapid prokaryotic genome annotation. Bioinformatics. 30(14):2068-9.
[21:02:25] Type 'prokka --citation' for more details.
[21:02:25] Share and enjoy!
